2026-10-07 13:01:42,867 INFO scrapers.books_scraper: Scraping book page 1: https://books.toscrape.com/
2026-10-07 13:01:45,358 INFO scrapers.books_scraper: Scraping book page 2: https://books.toscrape.com/catalogue/page-2.html
2026-10-07 13:01:46,481 INFO scrapers.books_scraper: Scraping book page 3: https://books.toscrape.com/catalogue/page-3.html
2026-10-07 13:01:47,585 INFO scrapers.books_scraper: Scraping book page 4: https://books.toscrape.com/catalogue/page-4.html
2026-10-07 13:01:48,673 INFO scrapers.books_scraper: Scraping book page 5: https://books.toscrape.com/catalogue/page-5.html
2026-10-07 13:01:49,759 INFO scrapers.books_scraper: Scraping book page 6: https://books.toscrape.com/catalogue/page-6.html
2026-10-07 13:01:50,857 INFO scrapers.books_scraper: Scraping book page 7: https://books.toscrape.com/catalogue/page-7.html
2026-10-07 13:01:51,941 INFO scrapers.books_scraper: Scraping book page 8: https://books.toscrape.com/catalogue/page-8.html
2026-10-07 13:01:52,753 INFO scrapers.books_scraper: Scraping book page 9: https://books.toscrape.com/catalogue/page-9.html
2026-10-07 13:01:53,872 INFO scrapers.books_scraper: Scraping book page 10: https://books.toscrape.com/catalogue/page-10.html
2026-10-07 13:01:54,966 INFO scrapers.books_scraper: Scraping book page 11: https://books.toscrape.com/catalogue/page-11.html
2026-10-07 13:01:55,801 INFO scrapers.books_scraper: Scraping book page 12: https://books.toscrape.com/catalogue/page-12.html
2026-10-07 13:01:56,891 INFO scrapers.books_scraper: Scraping book page 13: https://books.toscrape.com/catalogue/page-13.html
2026-10-07 13:01:57,975 INFO scrapers.books_scraper: Scraping book page 14: https://books.toscrape.com/catalogue/page-14.html
2026-10-07 13:01:58,789 INFO scrapers.books_scraper: Scraping book page 15: https://books.toscrape.com/catalogue/page-15.html
2026-10-07 13:01:59,889 INFO scrapers.books_scraper: Scraping book page 16: https://books.toscrape.com/catalogue/page-16.html
2026-10-07 13:02:00,981 INFO scrapers.books_scraper: Scraping book page 17: https://books.toscrape.com/catalogue/page-17.html
2026-10-07 13:02:01,802 INFO scrapers.books_scraper: Scraping book page 18: https://books.toscrape.com/catalogue/page-18.html
2026-10-07 13:02:02,902 INFO scrapers.books_scraper: Scraping book page 19: https://books.toscrape.com/catalogue/page-19.html
2026-10-07 13:02:03,994 INFO scrapers.books_scraper: Scraping book page 20: https://books.toscrape.com/catalogue/page-20.html
2026-10-07 13:02:05,079 INFO scrapers.books_scraper: Scraping book page 21: https://books.toscrape.com/catalogue/page-21.html
2026-10-07 13:02:06,448 INFO scrapers.books_scraper: Scraping book page 22: https://books.toscrape.com/catalogue/page-22.html
2026-10-07 13:02:07,542 INFO scrapers.books_scraper: Scraping book page 23: https://books.toscrape.com/catalogue/page-23.html
2026-10-07 13:02:08,628 INFO scrapers.books_scraper: Scraping book page 24: https://books.toscrape.com/catalogue/page-24.html
2026-10-07 13:02:09,732 INFO scrapers.books_scraper: Scraping book page 25: https://books.toscrape.com/catalogue/page-25.html
2026-10-07 13:02:10,814 INFO scrapers.books_scraper: Scraping book page 26: https://books.toscrape.com/catalogue/page-26.html
2026-10-07 13:02:11,896 INFO scrapers.books_scraper: Scraping book page 27: https://books.toscrape.com/catalogue/page-27.html
2026-10-07 13:02:12,982 INFO scrapers.books_scraper: Scraping book page 28: https://books.toscrape.com/catalogue/page-28.html
2026-10-07 13:02:14,090 INFO scrapers.books_scraper: Scraping book page 29: https://books.toscrape.com/catalogue/page-29.html
2026-10-07 13:02:15,184 INFO scrapers.books_scraper: Scraping book page 30: https://books.toscrape.com/catalogue/page-30.html
2026-10-07 13:02:16,290 INFO scrapers.books_scraper: Scraping book page 31: https://books.toscrape.com/catalogue/page-31.html
2026-10-07 13:02:17,384 INFO scrapers.books_scraper: Scraping book page 32: https://books.toscrape.com/catalogue/page-32.html
2026-10-07 13:02:18,502 INFO scrapers.books_scraper: Scraping book page 33: https://books.toscrape.com/catalogue/page-33.html
2026-10-07 13:02:19,602 INFO scrapers.books_scraper: Scraping book page 34: https://books.toscrape.com/catalogue/page-34.html
2026-10-07 13:02:20,736 INFO scrapers.books_scraper: Scraping book page 35: https://books.toscrape.com/catalogue/page-35.html
2026-10-07 13:02:21,823 INFO scrapers.books_scraper: Scraping book page 36: https://books.toscrape.com/catalogue/page-36.html
2026-10-07 13:02:22,908 INFO scrapers.books_scraper: Scraping book page 37: https://books.toscrape.com/catalogue/page-37.html
2026-10-07 13:07:48,211 INFO scrapers.books_scraper: Scraping book page 1: https://books.toscrape.com/
2026-10-07 13:07:50,578 INFO scrapers.books_scraper: Scraping book page 2: https://books.toscrape.com/catalogue/page-2.html
2026-10-07 13:07:51,695 INFO scrapers.books_scraper: Scraping book page 3: https://books.toscrape.com/catalogue/page-3.html
2026-10-07 13:07:52,791 INFO scrapers.books_scraper: Scraping book page 4: https://books.toscrape.com/catalogue/page-4.html
2026-10-07 13:07:53,886 INFO scrapers.books_scraper: Scraping book page 5: https://books.toscrape.com/catalogue/page-5.html
2026-10-07 13:07:54,993 INFO scrapers.books_scraper: Scraping book page 6: https://books.toscrape.com/catalogue/page-6.html
2026-10-07 13:07:56,093 INFO scrapers.books_scraper: Scraping book page 7: https://books.toscrape.com/catalogue/page-7.html
2026-10-07 13:07:57,191 INFO scrapers.books_scraper: Scraping book page 8: https://books.toscrape.com/catalogue/page-8.html
2026-10-07 13:07:58,295 INFO scrapers.books_scraper: Scraping book page 9: https://books.toscrape.com/catalogue/page-9.html
2026-10-07 13:07:59,397 INFO scrapers.books_scraper: Scraping book page 10: https://books.toscrape.com/catalogue/page-10.html
2026-10-07 13:08:00,492 INFO scrapers.books_scraper: Scraping book page 11: https://books.toscrape.com/catalogue/page-11.html
2026-10-07 13:08:01,318 INFO scrapers.books_scraper: Scraping book page 12: https://books.toscrape.com/catalogue/page-12.html
2026-10-07 13:08:02,410 INFO scrapers.books_scraper: Scraping book page 13: https://books.toscrape.com/catalogue/page-13.html
2026-10-07 13:08:03,512 INFO scrapers.books_scraper: Scraping book page 14: https://books.toscrape.com/catalogue/page-14.html
2026-10-07 13:08:04,326 INFO scrapers.books_scraper: Scraping book page 15: https://books.toscrape.com/catalogue/page-15.html
2026-10-07 13:08:05,423 INFO scrapers.books_scraper: Scraping book page 16: https://books.toscrape.com/catalogue/page-16.html
2026-10-07 13:08:06,525 INFO scrapers.books_scraper: Scraping book page 17: https://books.toscrape.com/catalogue/page-17.html
2026-10-07 13:08:07,653 INFO scrapers.books_scraper: Scraping book page 18: https://books.toscrape.com/catalogue/page-18.html
2026-10-07 13:08:08,740 INFO scrapers.books_scraper: Scraping book page 19: https://books.toscrape.com/catalogue/page-19.html
2026-10-07 13:08:09,567 INFO scrapers.books_scraper: Scraping book page 20: https://books.toscrape.com/catalogue/page-20.html
2026-10-07 13:08:10,661 INFO scrapers.books_scraper: Scraping book page 21: https://books.toscrape.com/catalogue/page-21.html
2026-10-07 13:08:11,485 INFO scrapers.books_scraper: Scraping book page 22: https://books.toscrape.com/catalogue/page-22.html
2026-10-07 13:08:12,579 INFO scrapers.books_scraper: Scraping book page 23: https://books.toscrape.com/catalogue/page-23.html
2026-10-07 13:08:13,673 INFO scrapers.books_scraper: Scraping book page 24: https://books.toscrape.com/catalogue/page-24.html
2026-10-07 13:08:14,509 INFO scrapers.books_scraper: Scraping book page 25: https://books.toscrape.com/catalogue/page-25.html
2026-10-07 13:08:15,611 INFO scrapers.books_scraper: Scraping book page 26: https://books.toscrape.com/catalogue/page-26.html
2026-10-07 13:08:16,446 INFO scrapers.books_scraper: Scraping book page 27: https://books.toscrape.com/catalogue/page-27.html
2026-10-07 13:08:17,534 INFO scrapers.books_scraper: Scraping book page 28: https://books.toscrape.com/catalogue/page-28.html
2026-10-07 13:08:18,629 INFO scrapers.books_scraper: Scraping book page 29: https://books.toscrape.com/catalogue/page-29.html
2026-10-07 13:08:19,448 INFO scrapers.books_scraper: Scraping book page 30: https://books.toscrape.com/catalogue/page-30.html
2026-10-07 13:08:20,549 INFO scrapers.books_scraper: Scraping book page 31: https://books.toscrape.com/catalogue/page-31.html
2026-10-07 13:08:21,644 INFO scrapers.books_scraper: Scraping book page 32: https://books.toscrape.com/catalogue/page-32.html
2026-10-07 13:08:22,455 INFO scrapers.books_scraper: Scraping book page 33: https://books.toscrape.com/catalogue/page-33.html
2026-10-07 13:08:23,553 INFO scrapers.books_scraper: Scraping book page 34: https://books.toscrape.com/catalogue/page-34.html
2026-10-07 13:08:24,377 INFO scrapers.books_scraper: Scraping book page 35: https://books.toscrape.com/catalogue/page-35.html
2026-10-07 13:08:25,504 INFO scrapers.books_scraper: Scraping book page 36: https://books.toscrape.com/catalogue/page-36.html
2026-10-07 13:08:26,592 INFO scrapers.books_scraper: Scraping book page 37: https://books.toscrape.com/catalogue/page-37.html
2026-10-07 13:08:27,690 INFO scrapers.books_scraper: Scraping book page 38: https://books.toscrape.com/catalogue/page-38.html
2026-10-07 13:08:28,795 INFO scrapers.books_scraper: Scraping book page 39: https://books.toscrape.com/catalogue/page-39.html
2026-10-07 13:08:29,886 INFO scrapers.books_scraper: Scraping book page 40: https://books.toscrape.com/catalogue/page-40.html
2026-10-07 13:08:30,698 INFO scrapers.books_scraper: Scraping book page 41: https://books.toscrape.com/catalogue/page-41.html
2026-10-07 13:08:31,790 INFO scrapers.books_scraper: Scraping book page 42: https://books.toscrape.com/catalogue/page-42.html
2026-10-07 13:08:32,613 INFO scrapers.books_scraper: Scraping book page 43: https://books.toscrape.com/catalogue/page-43.html
2026-10-07 13:08:33,422 INFO scrapers.books_scraper: Scraping book page 44: https://books.toscrape.com/catalogue/page-44.html
2026-10-07 13:08:34,251 INFO scrapers.books_scraper: Scraping book page 45: https://books.toscrape.com/catalogue/page-45.html
2026-10-07 13:08:35,074 INFO scrapers.books_scraper: Scraping book page 46: https://books.toscrape.com/catalogue/page-46.html
2026-10-07 13:08:36,172 INFO scrapers.books_scraper: Scraping book page 47: https://books.toscrape.com/catalogue/page-47.html
2026-10-07 13:08:36,991 INFO scrapers.books_scraper: Scraping book page 48: https://books.toscrape.com/catalogue/page-48.html
2026-10-07 13:08:37,807 INFO scrapers.books_scraper: Scraping book page 49: https://books.toscrape.com/catalogue/page-49.html
2026-10-07 13:08:38,916 INFO scrapers.books_scraper: Scraping book page 50: https://books.toscrape.com/catalogue/page-50.html
2026-10-07 13:08:39,514 INFO scrapers.quotes_scraper: Scraping quote page 1: https://quotes.toscrape.com/
2026-10-07 13:08:41,543 INFO scrapers.quotes_scraper: Scraping quote page 2: https://quotes.toscrape.com/page/2/
2026-10-07 13:08:42,653 INFO scrapers.quotes_scraper: Scraping quote page 3: https://quotes.toscrape.com/page/3/
2026-10-07 13:08:43,459 INFO scrapers.quotes_scraper: Scraping quote page 4: https://quotes.toscrape.com/page/4/
2026-10-07 13:08:44,264 INFO scrapers.quotes_scraper: Scraping quote page 5: https://quotes.toscrape.com/page/5/
2026-10-07 13:08:45,071 INFO scrapers.quotes_scraper: Scraping quote page 6: https://quotes.toscrape.com/page/6/
2026-10-07 13:08:45,880 INFO scrapers.quotes_scraper: Scraping quote page 7: https://quotes.toscrape.com/page/7/
2026-10-07 13:08:46,684 INFO scrapers.quotes_scraper: Scraping quote page 8: https://quotes.toscrape.com/page/8/
2026-10-07 13:08:47,493 INFO scrapers.quotes_scraper: Scraping quote page 9: https://quotes.toscrape.com/page/9/
2026-10-07 13:08:48,306 INFO scrapers.quotes_scraper: Scraping quote page 10: https://quotes.toscrape.com/page/10/
2026-10-07 13:08:48,675 INFO assignment: Pipeline completed: 1099 final records from 2 sources
2026-10-07 13:08:48,677 INFO assignment: Run duration: 60.466 seconds
